I'm sorry, but errors were detected in your script. Please correct the
errors listed below, and try again.


File "game/ch_01.rpy", line 12: if statement expects a non-empty block.
    if persistent.difficulty == 0:
                                  ^

Ren'Py Version: Ren'Py 7.4.11.2266
Mon Mar 14 20:08:08 2022
